// Jest Snapshot v1, https://goo.gl/fbAQLP

exports[`Home renders and matches our snapshot 1`] = `
<Page
  id="home"
>
  <Row>
    <Col
      lg={8}
      lgOffset={2}
      xs={12}
    >
      <h2>
        I am looking for:
      </h2>
      <Form
        as="form"
      >
        <FormField>
          <SearchBar
            changeHandler={[Function]}
            isDisabled={false}
            isLoading={false}
            searchValue=""
            submitHandler={[Function]}
          />
        </FormField>
      </Form>
    </Col>
  </Row>
</Page>
`;
