// Jest Snapshot v1, https://goo.gl/fbAQLP

exports[`BcgHeader renders and matches our snapshot 1`] = `
<header
  className="bcg-header ui fixed menu"
>
  <Grid>
    <GridColumn
      width={12}
    >
      <a
        href="/"
      >
        <div
          className="logo"
        >
          M
        </div>
      </a>
    </GridColumn>
  </Grid>
</header>
`;
